// Jest Snapshot v1, https://goo.gl/fbAQLP

exports[`Breadcrumbs test snapshot  1`] = `
<div
  className="container"
>
  <ul
    className="breadcrumbs"
  >
    <li
      className="breadcrumbs--item"
    >
      Lorem ipsum dolor
    </li>
    <li
      className="breadcrumbs--item"
    >
      Lorem ipsum dolor
    </li>
    <li
      className="breadcrumbs--item"
    >
      Lorem ipsum dolor
    </li>
    <li
      className="breadcrumbs--item"
    >
      Lorem ipsum dolor
    </li>
    <li
      className="breadcrumbs--item"
    >
      Lorem ipsum dolor
    </li>
  </ul>
</div>
`;

exports[`renders learn Breadcrumbs  1`] = `
<div
  className="container"
>
  <ul
    className="breadcrumbs"
  >
    <li
      className="breadcrumbs--item"
    >
      Lorem ipsum dolor
    </li>
    <li
      className="breadcrumbs--item"
    >
      Lorem ipsum dolor
    </li>
    <li
      className="breadcrumbs--item"
    >
      Lorem ipsum dolor
    </li>
    <li
      className="breadcrumbs--item"
    >
      Lorem ipsum dolor
    </li>
    <li
      className="breadcrumbs--item"
    >
      Lorem ipsum dolor
    </li>
  </ul>
</div>
`;
