// Jest Snapshot v1, https://goo.gl/fbAQLP

exports[`should render my component 1`] = `
<header
  className="navbar navbar-search"
  onSubmit={[Function]}
>
  <div
    className="container"
  >
    <a
      className="logo"
      href="/"
    />
    <form
      className="navbar-search--form"
    >
      <input
        className="navbar-search--input"
        name="search"
        onChange={[Function]}
        placeholder="Nunca dejes de buscar"
        type="text"
        value=""
      />
      <button
        className="navbar-search--button"
        onClick={[Function]}
        type="submit"
      >
        <span />
      </button>
    </form>
  </div>
</header>
`;
